Archive member included to satisfy reference by file (symbol)

/usr/lib/gcc/avr/11.2.0/../../../../avr/lib/avr5/libm.a(addsf3.o)
                              main.o (__subsf3)
/usr/lib/gcc/avr/11.2.0/../../../../avr/lib/avr5/libm.a(addsf3x.o)
                              /usr/lib/gcc/avr/11.2.0/../../../../avr/lib/avr5/libm.a(addsf3.o) (__addsf3x)
/usr/lib/gcc/avr/11.2.0/../../../../avr/lib/avr5/libm.a(cmpsf2.o)
                              main.o (__ltsf2)
/usr/lib/gcc/avr/11.2.0/../../../../avr/lib/avr5/libm.a(divsf3.o)
                              main.o (__divsf3)
/usr/lib/gcc/avr/11.2.0/../../../../avr/lib/avr5/libm.a(divsf3x.o)
                              /usr/lib/gcc/avr/11.2.0/../../../../avr/lib/avr5/libm.a(divsf3.o) (__divsf3x)
/usr/lib/gcc/avr/11.2.0/../../../../avr/lib/avr5/libm.a(fixsfsi.o)
                              main.o (__fixsfsi)
/usr/lib/gcc/avr/11.2.0/../../../../avr/lib/avr5/libm.a(fixunssfsi.o)
                              /usr/lib/gcc/avr/11.2.0/../../../../avr/lib/avr5/libm.a(fixsfsi.o) (__fixunssfsi)
/usr/lib/gcc/avr/11.2.0/../../../../avr/lib/avr5/libm.a(floatsisf.o)
                              main.o (__floatunsisf)
/usr/lib/gcc/avr/11.2.0/../../../../avr/lib/avr5/libm.a(fp_cmp.o)
                              /usr/lib/gcc/avr/11.2.0/../../../../avr/lib/avr5/libm.a(cmpsf2.o) (__fp_cmp)
/usr/lib/gcc/avr/11.2.0/../../../../avr/lib/avr5/libm.a(fp_inf.o)
                              /usr/lib/gcc/avr/11.2.0/../../../../avr/lib/avr5/libm.a(addsf3x.o) (__fp_inf)
/usr/lib/gcc/avr/11.2.0/../../../../avr/lib/avr5/libm.a(fp_nan.o)
                              /usr/lib/gcc/avr/11.2.0/../../../../avr/lib/avr5/libm.a(addsf3x.o) (__fp_nan)
/usr/lib/gcc/avr/11.2.0/../../../../avr/lib/avr5/libm.a(fp_pscA.o)
                              /usr/lib/gcc/avr/11.2.0/../../../../avr/lib/avr5/libm.a(addsf3x.o) (__fp_pscA)
/usr/lib/gcc/avr/11.2.0/../../../../avr/lib/avr5/libm.a(fp_pscB.o)
                              /usr/lib/gcc/avr/11.2.0/../../../../avr/lib/avr5/libm.a(addsf3x.o) (__fp_pscB)
/usr/lib/gcc/avr/11.2.0/../../../../avr/lib/avr5/libm.a(fp_round.o)
                              /usr/lib/gcc/avr/11.2.0/../../../../avr/lib/avr5/libm.a(addsf3.o) (__fp_round)
/usr/lib/gcc/avr/11.2.0/../../../../avr/lib/avr5/libm.a(fp_split3.o)
                              /usr/lib/gcc/avr/11.2.0/../../../../avr/lib/avr5/libm.a(addsf3x.o) (__fp_split3)
/usr/lib/gcc/avr/11.2.0/../../../../avr/lib/avr5/libm.a(fp_zero.o)
                              /usr/lib/gcc/avr/11.2.0/../../../../avr/lib/avr5/libm.a(addsf3x.o) (__fp_zero)
/usr/lib/gcc/avr/11.2.0/../../../../avr/lib/avr5/libm.a(mulsf3.o)
                              main.o (__mulsf3)
/usr/lib/gcc/avr/11.2.0/../../../../avr/lib/avr5/libm.a(mulsf3x.o)
                              /usr/lib/gcc/avr/11.2.0/../../../../avr/lib/avr5/libm.a(mulsf3.o) (__mulsf3x)
/usr/lib/gcc/avr/11.2.0/../../../../avr/lib/avr5/libm.a(pow.o)
                              main.o (pow)
/usr/lib/gcc/avr/11.2.0/../../../../avr/lib/avr5/libm.a(round.o)
                              main.o (round)
/usr/lib/gcc/avr/11.2.0/../../../../avr/lib/avr5/libm.a(exp.o)
                              /usr/lib/gcc/avr/11.2.0/../../../../avr/lib/avr5/libm.a(pow.o) (exp)
/usr/lib/gcc/avr/11.2.0/../../../../avr/lib/avr5/libm.a(fp_mintl.o)
                              /usr/lib/gcc/avr/11.2.0/../../../../avr/lib/avr5/libm.a(round.o) (__fp_mintl)
/usr/lib/gcc/avr/11.2.0/../../../../avr/lib/avr5/libm.a(fp_mpack.o)
                              /usr/lib/gcc/avr/11.2.0/../../../../avr/lib/avr5/libm.a(round.o) (__fp_mpack)
/usr/lib/gcc/avr/11.2.0/../../../../avr/lib/avr5/libm.a(fp_powser.o)
                              /usr/lib/gcc/avr/11.2.0/../../../../avr/lib/avr5/libm.a(exp.o) (__fp_powser)
/usr/lib/gcc/avr/11.2.0/../../../../avr/lib/avr5/libm.a(inverse.o)
                              /usr/lib/gcc/avr/11.2.0/../../../../avr/lib/avr5/libm.a(exp.o) (inverse)
/usr/lib/gcc/avr/11.2.0/../../../../avr/lib/avr5/libm.a(ldexp.o)
                              /usr/lib/gcc/avr/11.2.0/../../../../avr/lib/avr5/libm.a(exp.o) (ldexp)
/usr/lib/gcc/avr/11.2.0/../../../../avr/lib/avr5/libm.a(log.o)
                              /usr/lib/gcc/avr/11.2.0/../../../../avr/lib/avr5/libm.a(pow.o) (log)
/usr/lib/gcc/avr/11.2.0/../../../../avr/lib/avr5/libm.a(modf.o)
                              /usr/lib/gcc/avr/11.2.0/../../../../avr/lib/avr5/libm.a(exp.o) (modf)
../build/librairie.a(librairie.o)
                              main.o (_ZN3canC1Ev)
../build/librairie.a(debug.o)
                              main.o (_Z10printRS232i)
/usr/lib/gcc/avr/11.2.0/avr5/libgcc.a(_exit.o)
                              /usr/lib/gcc/avr/11.2.0/../../../../avr/lib/avr5/crtatmega324pa.o (exit)
/usr/lib/gcc/avr/11.2.0/avr5/libgcc.a(_copy_data.o)
                              main.o (__do_copy_data)
/usr/lib/gcc/avr/11.2.0/avr5/libgcc.a(_clear_bss.o)
                              ../build/librairie.a(debug.o) (__do_clear_bss)
/usr/lib/gcc/avr/11.2.0/../../../../avr/lib/avr5/libc.a(sprintf.o)
                              ../build/librairie.a(debug.o) (sprintf)
/usr/lib/gcc/avr/11.2.0/../../../../avr/lib/avr5/libc.a(vfprintf_std.o)
                              /usr/lib/gcc/avr/11.2.0/../../../../avr/lib/avr5/libc.a(sprintf.o) (vfprintf)
/usr/lib/gcc/avr/11.2.0/../../../../avr/lib/avr5/libc.a(strnlen_P.o)
                              /usr/lib/gcc/avr/11.2.0/../../../../avr/lib/avr5/libc.a(vfprintf_std.o) (strnlen_P)
/usr/lib/gcc/avr/11.2.0/../../../../avr/lib/avr5/libc.a(strnlen.o)
                              /usr/lib/gcc/avr/11.2.0/../../../../avr/lib/avr5/libc.a(vfprintf_std.o) (strnlen)
/usr/lib/gcc/avr/11.2.0/../../../../avr/lib/avr5/libc.a(fputc.o)
                              /usr/lib/gcc/avr/11.2.0/../../../../avr/lib/avr5/libc.a(vfprintf_std.o) (fputc)
/usr/lib/gcc/avr/11.2.0/../../../../avr/lib/avr5/libc.a(ultoa_invert.o)
                              /usr/lib/gcc/avr/11.2.0/../../../../avr/lib/avr5/libc.a(vfprintf_std.o) (__ultoa_invert)
/usr/lib/gcc/avr/11.2.0/avr5/libgcc.a(_prologue.o)
                              /usr/lib/gcc/avr/11.2.0/../../../../avr/lib/avr5/libc.a(sprintf.o) (__prologue_saves__)
/usr/lib/gcc/avr/11.2.0/avr5/libgcc.a(_epilogue.o)
                              /usr/lib/gcc/avr/11.2.0/../../../../avr/lib/avr5/libc.a(sprintf.o) (__epilogue_restores__)

Memory Configuration

Name             Origin             Length             Attributes
text             0x0000000000000000 0x0000000000008000 xr
data             0x0000000000800060 0x0000000000000800 rw !x
eeprom           0x0000000000810000 0x0000000000000400 rw !x
fuse             0x0000000000820000 0x0000000000000003 rw !x
lock             0x0000000000830000 0x0000000000000400 rw !x
signature        0x0000000000840000 0x0000000000000400 rw !x
user_signatures  0x0000000000850000 0x0000000000000400 rw !x
*default*        0x0000000000000000 0xffffffffffffffff

Linker script and memory map

Address of section .data set to 0x800100
LOAD /usr/lib/gcc/avr/11.2.0/../../../../avr/lib/avr5/crtatmega324pa.o
LOAD main.o
LOAD /usr/lib/gcc/avr/11.2.0/../../../../avr/lib/avr5/libm.a
LOAD ../build/librairie.a
START GROUP
LOAD /usr/lib/gcc/avr/11.2.0/avr5/libgcc.a
LOAD /usr/lib/gcc/avr/11.2.0/../../../../avr/lib/avr5/libm.a
LOAD /usr/lib/gcc/avr/11.2.0/../../../../avr/lib/avr5/libc.a
LOAD /usr/lib/gcc/avr/11.2.0/../../../../avr/lib/avr5/libatmega324pa.a
END GROUP
                [0x0000000000008000]                __TEXT_REGION_LENGTH__ = DEFINED (__TEXT_REGION_LENGTH__)?__TEXT_REGION_LENGTH__:0x20000
                [0x0000000000000800]                __DATA_REGION_LENGTH__ = DEFINED (__DATA_REGION_LENGTH__)?__DATA_REGION_LENGTH__:0xffa0
                [0x0000000000000400]                __EEPROM_REGION_LENGTH__ = DEFINED (__EEPROM_REGION_LENGTH__)?__EEPROM_REGION_LENGTH__:0x10000
                [0x0000000000000003]                __FUSE_REGION_LENGTH__ = DEFINED (__FUSE_REGION_LENGTH__)?__FUSE_REGION_LENGTH__:0x400
                0x0000000000000400                __LOCK_REGION_LENGTH__ = DEFINED (__LOCK_REGION_LENGTH__)?__LOCK_REGION_LENGTH__:0x400
                0x0000000000000400                __SIGNATURE_REGION_LENGTH__ = DEFINED (__SIGNATURE_REGION_LENGTH__)?__SIGNATURE_REGION_LENGTH__:0x400
                0x0000000000000400                __USER_SIGNATURE_REGION_LENGTH__ = DEFINED (__USER_SIGNATURE_REGION_LENGTH__)?__USER_SIGNATURE_REGION_LENGTH__:0x400

.hash
 *(.hash)

.dynsym
 *(.dynsym)

.dynstr
 *(.dynstr)

.gnu.version
 *(.gnu.version)

.gnu.version_d
 *(.gnu.version_d)

.gnu.version_r
 *(.gnu.version_r)

.rel.init
 *(.rel.init)

.rela.init
 *(.rela.init)

.rel.text
 *(.rel.text)
 *(.rel.text.*)
 *(.rel.gnu.linkonce.t*)

.rela.text
 *(.rela.text)
 *(.rela.text.*)
 *(.rela.gnu.linkonce.t*)

.rel.fini
 *(.rel.fini)

.rela.fini
 *(.rela.fini)

.rel.rodata
 *(.rel.rodata)
 *(.rel.rodata.*)
 *(.rel.gnu.linkonce.r*)

.rela.rodata
 *(.rela.rodata)
 *(.rela.rodata.*)
 *(.rela.gnu.linkonce.r*)

.rel.data
 *(.rel.data)
 *(.rel.data.*)
 *(.rel.gnu.linkonce.d*)

.rela.data
 *(.rela.data)
 *(.rela.data.*)
 *(.rela.gnu.linkonce.d*)

.rel.ctors
 *(.rel.ctors)

.rela.ctors
 *(.rela.ctors)

.rel.dtors
 *(.rel.dtors)

.rela.dtors
 *(.rela.dtors)

.rel.got
 *(.rel.got)

.rela.got
 *(.rela.got)

.rel.bss
 *(.rel.bss)

.rela.bss
 *(.rela.bss)

.rel.plt
 *(.rel.plt)

.rela.plt
 *(.rela.plt)

.text           0x0000000000000000     0x1796
 *(.vectors)
 .vectors       0x0000000000000000       0x7c /usr/lib/gcc/avr/11.2.0/../../../../avr/lib/avr5/crtatmega324pa.o
                0x0000000000000000                __vectors
                0x0000000000000000                __vector_default
 *(.vectors)
 *(.progmem.gcc*)
 .progmem.gcc_fplib
                0x000000000000007c       0x28 /usr/lib/gcc/avr/11.2.0/../../../../avr/lib/avr5/libm.a(exp.o)
 .progmem.gcc_fplib
                0x00000000000000a4       0x5a /usr/lib/gcc/avr/11.2.0/../../../../avr/lib/avr5/libm.a(log.o)
                0x00000000000000fe                . = ALIGN (0x2)
                0x00000000000000fe                __trampolines_start = .
 *(.trampolines)
 .trampolines   0x00000000000000fe        0x0 linker stubs
 *(.trampolines*)
                0x00000000000000fe                __trampolines_end = .
 *libprintf_flt.a:*(.progmem.data)
 *libc.a:*(.progmem.data)
 *(.progmem.*)
                0x00000000000000fe                . = ALIGN (0x2)
 *(.lowtext)
 *(.lowtext*)
                0x00000000000000fe                __ctors_start = .
 *(.ctors)
                0x00000000000000fe                __ctors_end = .
                0x00000000000000fe                __dtors_start = .
 *(.dtors)
                0x00000000000000fe                __dtors_end = .
 SORT_BY_NAME(*)(.ctors)
 SORT_BY_NAME(*)(.dtors)
 *(.init0)
 .init0         0x00000000000000fe        0x0 /usr/lib/gcc/avr/11.2.0/../../../../avr/lib/avr5/crtatmega324pa.o
                0x00000000000000fe                __init
 *(.init0)
 *(.init1)
 *(.init1)
 *(.init2)
 .init2         0x00000000000000fe        0xc /usr/lib/gcc/avr/11.2.0/../../../../avr/lib/avr5/crtatmega324pa.o
 *(.init2)
 *(.init3)
 *(.init3)
 *(.init4)
 .init4         0x000000000000010a       0x16 /usr/lib/gcc/avr/11.2.0/avr5/libgcc.a(_copy_data.o)
                0x000000000000010a                __do_copy_data
 .init4         0x0000000000000120       0x10 /usr/lib/gcc/avr/11.2.0/avr5/libgcc.a(_clear_bss.o)
                0x0000000000000120                __do_clear_bss
 *(.init4)
 *(.init5)
 *(.init5)
 *(.init6)
 *(.init6)
 *(.init7)
 *(.init7)
 *(.init8)
 *(.init8)
 *(.init9)
 .init9         0x0000000000000130        0x8 /usr/lib/gcc/avr/11.2.0/../../../../avr/lib/avr5/crtatmega324pa.o
 *(.init9)
 *(.text)
 .text          0x0000000000000138        0x4 /usr/lib/gcc/avr/11.2.0/../../../../avr/lib/avr5/crtatmega324pa.o
                0x0000000000000138                __vector_22
                0x0000000000000138                __vector_28
                0x0000000000000138                __vector_1
                0x0000000000000138                __vector_24
                0x0000000000000138                __vector_12
                0x0000000000000138                __bad_interrupt
                0x0000000000000138                __vector_6
                0x0000000000000138                __vector_3
                0x0000000000000138                __vector_23
                0x0000000000000138                __vector_30
                0x0000000000000138                __vector_25
                0x0000000000000138                __vector_11
                0x0000000000000138                __vector_13
                0x0000000000000138                __vector_17
                0x0000000000000138                __vector_19
                0x0000000000000138                __vector_7
                0x0000000000000138                __vector_27
                0x0000000000000138                __vector_5
                0x0000000000000138                __vector_4
                0x0000000000000138                __vector_9
                0x0000000000000138                __vector_2
                0x0000000000000138                __vector_21
                0x0000000000000138                __vector_15
                0x0000000000000138                __vector_29
                0x0000000000000138                __vector_8
                0x0000000000000138                __vector_26
                0x0000000000000138                __vector_14
                0x0000000000000138                __vector_10
                0x0000000000000138                __vector_16
                0x0000000000000138                __vector_18
                0x0000000000000138                __vector_20
 .text          0x000000000000013c      0x256 main.o
                0x000000000000013c                _Z7InitADCv
                0x0000000000000152                _Z7ReadADCh
                0x000000000000017c                _ZN12SoundManager11calculerTopEi
                0x00000000000001e6                _ZN12SoundManager10ajusterSonEi
                0x0000000000000200                _ZN12SoundManagerC1Ev
                0x0000000000000200                _ZN12SoundManagerC2Ev
                0x000000000000023a                _ZN12SoundManager7stopSonEv
                0x0000000000000242                _Z4initv
                0x0000000000000258                _Z3mapiffff
 .text          0x0000000000000392        0x0 /usr/lib/gcc/avr/11.2.0/../../../../avr/lib/avr5/libm.a(addsf3.o)
 .text          0x0000000000000392        0x0 /usr/lib/gcc/avr/11.2.0/../../../../avr/lib/avr5/libm.a(addsf3x.o)
 .text          0x0000000000000392        0x0 /usr/lib/gcc/avr/11.2.0/../../../../avr/lib/avr5/libm.a(cmpsf2.o)
 .text          0x0000000000000392        0x0 /usr/lib/gcc/avr/11.2.0/../../../../avr/lib/avr5/libm.a(divsf3.o)
 .text          0x0000000000000392        0x0 /usr/lib/gcc/avr/11.2.0/../../../../avr/lib/avr5/libm.a(divsf3x.o)
 .text          0x0000000000000392        0x0 /usr/lib/gcc/avr/11.2.0/../../../../avr/lib/avr5/libm.a(fixsfsi.o)
 .text          0x0000000000000392        0x0 /usr/lib/gcc/avr/11.2.0/../../../../avr/lib/avr5/libm.a(fixunssfsi.o)
 .text          0x0000000000000392        0x0 /usr/lib/gcc/avr/11.2.0/../../../../avr/lib/avr5/libm.a(floatsisf.o)
 .text          0x0000000000000392        0x0 /usr/lib/gcc/avr/11.2.0/../../../../avr/lib/avr5/libm.a(fp_cmp.o)
 .text          0x0000000000000392        0x0 /usr/lib/gcc/avr/11.2.0/../../../../avr/lib/avr5/libm.a(fp_inf.o)
 .text          0x0000000000000392        0x0 /usr/lib/gcc/avr/11.2.0/../../../../avr/lib/avr5/libm.a(fp_nan.o)
 .text          0x0000000000000392        0x0 /usr/lib/gcc/avr/11.2.0/../../../../avr/lib/avr5/libm.a(fp_pscA.o)
 .text          0x0000000000000392        0x0 /usr/lib/gcc/avr/11.2.0/../../../../avr/lib/avr5/libm.a(fp_pscB.o)
 .text          0x0000000000000392        0x0 /usr/lib/gcc/avr/11.2.0/../../../../avr/lib/avr5/libm.a(fp_round.o)
 .text          0x0000000000000392        0x0 /usr/lib/gcc/avr/11.2.0/../../../../avr/lib/avr5/libm.a(fp_split3.o)
 .text          0x0000000000000392        0x0 /usr/lib/gcc/avr/11.2.0/../../../../avr/lib/avr5/libm.a(fp_zero.o)
 .text          0x0000000000000392        0x0 /usr/lib/gcc/avr/11.2.0/../../../../avr/lib/avr5/libm.a(mulsf3.o)
 .text          0x0000000000000392        0x0 /usr/lib/gcc/avr/11.2.0/../../../../avr/lib/avr5/libm.a(mulsf3x.o)
 .text          0x0000000000000392        0x0 /usr/lib/gcc/avr/11.2.0/../../../../avr/lib/avr5/libm.a(pow.o)
 .text          0x0000000000000392        0x0 /usr/lib/gcc/avr/11.2.0/../../../../avr/lib/avr5/libm.a(round.o)
 .text          0x0000000000000392        0x0 /usr/lib/gcc/avr/11.2.0/../../../../avr/lib/avr5/libm.a(exp.o)
 .text          0x0000000000000392        0x0 /usr/lib/gcc/avr/11.2.0/../../../../avr/lib/avr5/libm.a(fp_mintl.o)
 .text          0x0000000000000392        0x0 /usr/lib/gcc/avr/11.2.0/../../../../avr/lib/avr5/libm.a(fp_mpack.o)
 .text          0x0000000000000392        0x0 /usr/lib/gcc/avr/11.2.0/../../../../avr/lib/avr5/libm.a(fp_powser.o)
 .text          0x0000000000000392        0x0 /usr/lib/gcc/avr/11.2.0/../../../../avr/lib/avr5/libm.a(inverse.o)
 .text          0x0000000000000392        0x0 /usr/lib/gcc/avr/11.2.0/../../../../avr/lib/avr5/libm.a(ldexp.o)
 .text          0x0000000000000392        0x0 /usr/lib/gcc/avr/11.2.0/../../../../avr/lib/avr5/libm.a(log.o)
 .text          0x0000000000000392        0x0 /usr/lib/gcc/avr/11.2.0/../../../../avr/lib/avr5/libm.a(modf.o)
 .text          0x0000000000000392      0x230 ../build/librairie.a(librairie.o)
                0x0000000000000392                _ZN6BoutonC2Ei
                0x0000000000000392                _ZN6BoutonC1Ei
                0x000000000000039e                _ZN6Bouton4initEv
                0x00000000000003b6                _ZN6Bouton8debounceEv
                0x00000000000003ea                _ZN6Bouton8estActifEv
                0x000000000000041e                _ZN6Timer1C2EPVi
                0x000000000000041e                _ZN6Timer1C1EPVi
                0x0000000000000426                _ZN6Timer115partirMinuterieEi
                0x0000000000000458                _ZN6Timer18attendreEi
                0x0000000000000474                _ZN5RS23218initialisationUARTEv
                0x0000000000000490                _ZN5RS23216transmissionUARTEh
                0x00000000000004a2                _ZN5RS23212recevoirUARTEv
                0x00000000000004b0                _ZN3canC2Ev
                0x00000000000004b0                _ZN3canC1Ev
                0x00000000000004bc                _ZN3canD1Ev
                0x00000000000004bc                _ZN3canD2Ev
                0x00000000000004c2                _ZN3can7lectureEh
                0x0000000000000508                _ZN6Moteur13ajustementPWMEii
                0x0000000000000520                _ZN6Moteur16changerDirectionE9Direction
                0x0000000000000528                _ZN6Moteur12getDirectionEv
                0x000000000000052e                _ZN3LedC2E7EtatLed
                0x000000000000052e                _ZN3LedC1E7EtatLed
                0x0000000000000536                _ZN3Led14changerCouleurE7EtatLed
                0x000000000000053e                _ZN3Led19changerCouleurAmbreE6Timer1iii
                0x00000000000005bc                _ZN3Led16recupererCouleurEv
 .text          0x00000000000005c2      0x104 ../build/librairie.a(debug.o)
                0x00000000000005c2                _Z10printRS232i
                0x0000000000000668                _Z10printRS232Pc
 .text          0x00000000000006c6        0x0 /usr/lib/gcc/avr/11.2.0/avr5/libgcc.a(_exit.o)
 .text          0x00000000000006c6        0x0 /usr/lib/gcc/avr/11.2.0/avr5/libgcc.a(_copy_data.o)
 .text          0x00000000000006c6        0x0 /usr/lib/gcc/avr/11.2.0/avr5/libgcc.a(_clear_bss.o)
 .text          0x00000000000006c6        0x0 /usr/lib/gcc/avr/11.2.0/../../../../avr/lib/avr5/libc.a(sprintf.o)
 .text          0x00000000000006c6        0x0 /usr/lib/gcc/avr/11.2.0/../../../../avr/lib/avr5/libc.a(vfprintf_std.o)
 .text          0x00000000000006c6        0x0 /usr/lib/gcc/avr/11.2.0/../../../../avr/lib/avr5/libc.a(strnlen_P.o)
 .text          0x00000000000006c6        0x0 /usr/lib/gcc/avr/11.2.0/../../../../avr/lib/avr5/libc.a(strnlen.o)
 .text          0x00000000000006c6        0x0 /usr/lib/gcc/avr/11.2.0/../../../../avr/lib/avr5/libc.a(fputc.o)
 .text          0x00000000000006c6        0x0 /usr/lib/gcc/avr/11.2.0/../../../../avr/lib/avr5/libc.a(ultoa_invert.o)
 .text          0x00000000000006c6        0x0 /usr/lib/gcc/avr/11.2.0/avr5/libgcc.a(_prologue.o)
 .text          0x00000000000006c6        0x0 /usr/lib/gcc/avr/11.2.0/avr5/libgcc.a(_epilogue.o)
                0x00000000000006c6                . = ALIGN (0x2)
 *(.text.*)
 .text.startup  0x00000000000006c6      0x330 main.o
                0x00000000000006c6                main
 .text.avr-libc.fplib
                0x00000000000009f6        0xe /usr/lib/gcc/avr/11.2.0/../../../../avr/lib/avr5/libm.a(addsf3.o)
                0x00000000000009f6                __subsf3
                0x00000000000009f8                __addsf3
 .text.avr-libc.fplib
                0x0000000000000a04       0xcc /usr/lib/gcc/avr/11.2.0/../../../../avr/lib/avr5/libm.a(addsf3x.o)
                0x0000000000000a26                __addsf3x
 .text.avr-libc.fplib
                0x0000000000000ad0        0xa /usr/lib/gcc/avr/11.2.0/../../../../avr/lib/avr5/libm.a(cmpsf2.o)
                0x0000000000000ad0                __lesf2
                0x0000000000000ad0                __nesf2
                0x0000000000000ad0                __eqsf2
                0x0000000000000ad0                __cmpsf2
                0x0000000000000ad0                __ltsf2
 .text.avr-libc.fplib
                0x0000000000000ada        0x8 /usr/lib/gcc/avr/11.2.0/../../../../avr/lib/avr5/libm.a(divsf3.o)
                0x0000000000000ada                __divsf3
 .text.avr-libc.fplib
                0x0000000000000ae2       0xdc /usr/lib/gcc/avr/11.2.0/../../../../avr/lib/avr5/libm.a(divsf3x.o)
                0x0000000000000b02                __divsf3x
                0x0000000000000b08                __divsf3_pse
 .text.avr-libc.fplib
                0x0000000000000bbe        0xe /usr/lib/gcc/avr/11.2.0/../../../../avr/lib/avr5/libm.a(fixsfsi.o)
                0x0000000000000bbe                __fixsfsi
 .text.avr-libc.fplib
                0x0000000000000bcc       0x5e /usr/lib/gcc/avr/11.2.0/../../../../avr/lib/avr5/libm.a(fixunssfsi.o)
                0x0000000000000bcc                __fixunssfsi
 .text.avr-libc.fplib
                0x0000000000000c2a       0x7a /usr/lib/gcc/avr/11.2.0/../../../../avr/lib/avr5/libm.a(floatsisf.o)
                0x0000000000000c2a                __floatunsisf
                0x0000000000000c2e                __floatsisf
 .text.avr-libc.fplib
                0x0000000000000ca4       0x48 /usr/lib/gcc/avr/11.2.0/../../../../avr/lib/avr5/libm.a(fp_cmp.o)
                0x0000000000000ca4                __fp_cmp
 .text.avr-libc.fplib
                0x0000000000000cec        0xc /usr/lib/gcc/avr/11.2.0/../../../../avr/lib/avr5/libm.a(fp_inf.o)
                0x0000000000000cec                __fp_inf
 .text.avr-libc.fplib
                0x0000000000000cf8        0x6 /usr/lib/gcc/avr/11.2.0/../../../../avr/lib/avr5/libm.a(fp_nan.o)
                0x0000000000000cf8                __fp_nan
 .text.avr-libc.fplib
                0x0000000000000cfe        0xe /usr/lib/gcc/avr/11.2.0/../../../../avr/lib/avr5/libm.a(fp_pscA.o)
                0x0000000000000cfe                __fp_pscA
 .text.avr-libc.fplib
                0x0000000000000d0c        0xe /usr/lib/gcc/avr/11.2.0/../../../../avr/lib/avr5/libm.a(fp_pscB.o)
                0x0000000000000d0c                __fp_pscB
 .text.avr-libc.fplib
                0x0000000000000d1a       0x22 /usr/lib/gcc/avr/11.2.0/../../../../avr/lib/avr5/libm.a(fp_round.o)
                0x0000000000000d1a                __fp_round
 .text.avr-libc.fplib
                0x0000000000000d3c       0x44 /usr/lib/gcc/avr/11.2.0/../../../../avr/lib/avr5/libm.a(fp_split3.o)
                0x0000000000000d3c                __fp_split3
                0x0000000000000d4c                __fp_splitA
 .text.avr-libc.fplib
                0x0000000000000d80        0xe /usr/lib/gcc/avr/11.2.0/../../../../avr/lib/avr5/libm.a(fp_zero.o)
                0x0000000000000d80                __fp_zero
                0x0000000000000d82                __fp_szero
 .text.avr-libc.fplib
                0x0000000000000d8e        0x8 /usr/lib/gcc/avr/11.2.0/../../../../avr/lib/avr5/libm.a(mulsf3.o)
                0x0000000000000d8e                __mulsf3
 .text.avr-libc.fplib
                0x0000000000000d96       0xd2 /usr/lib/gcc/avr/11.2.0/../../../../avr/lib/avr5/libm.a(mulsf3x.o)
                0x0000000000000db4                __mulsf3x
                0x0000000000000dba                __mulsf3_pse
 .text.avr-libc.fplib
                0x0000000000000e68       0xa0 /usr/lib/gcc/avr/11.2.0/../../../../avr/lib/avr5/libm.a(pow.o)
                0x0000000000000e68                pow
 .text.avr-libc.fplib
                0x0000000000000f08       0x48 /usr/lib/gcc/avr/11.2.0/../../../../avr/lib/avr5/libm.a(round.o)
                0x0000000000000f08                round
 .text.avr-libc.fplib
                0x0000000000000f50       0x74 /usr/lib/gcc/avr/11.2.0/../../../../avr/lib/avr5/libm.a(exp.o)
                0x0000000000000f60                exp
 .text.avr-libc.fplib
                0x0000000000000fc4       0x36 /usr/lib/gcc/avr/11.2.0/../../../../avr/lib/avr5/libm.a(fp_mintl.o)
                0x0000000000000fc4                __fp_mintl
 .text.avr-libc.fplib
                0x0000000000000ffa       0x1c /usr/lib/gcc/avr/11.2.0/../../../../avr/lib/avr5/libm.a(fp_mpack.o)
                0x0000000000000ffa                __fp_mpack
                0x0000000000000ffe                __fp_mpack_finite
 .text.avr-libc.fplib
                0x0000000000001016       0x4e /usr/lib/gcc/avr/11.2.0/../../../../avr/lib/avr5/libm.a(fp_powser.o)
                0x0000000000001016                __fp_powser
 .text.avr-libc.fplib
                0x0000000000001064       0x10 /usr/lib/gcc/avr/11.2.0/../../../../avr/lib/avr5/libm.a(inverse.o)
                0x0000000000001064                inverse
 .text.avr-libc.fplib
                0x0000000000001074       0x74 /usr/lib/gcc/avr/11.2.0/../../../../avr/lib/avr5/libm.a(ldexp.o)
                0x000000000000107c                ldexp
 .text.avr-libc.fplib
                0x00000000000010e8       0xa0 /usr/lib/gcc/avr/11.2.0/../../../../avr/lib/avr5/libm.a(log.o)
                0x00000000000010f8                log
 .text.avr-libc.fplib
                0x0000000000001188       0x68 /usr/lib/gcc/avr/11.2.0/../../../../avr/lib/avr5/libm.a(modf.o)
                0x0000000000001188                modff
                0x0000000000001188                modf
 .text.libgcc.mul
                0x00000000000011f0        0x0 /usr/lib/gcc/avr/11.2.0/avr5/libgcc.a(_exit.o)
 .text.libgcc.div
                0x00000000000011f0        0x0 /usr/lib/gcc/avr/11.2.0/avr5/libgcc.a(_exit.o)
 .text.libgcc   0x00000000000011f0        0x0 /usr/lib/gcc/avr/11.2.0/avr5/libgcc.a(_exit.o)
 .text.libgcc.prologue
                0x00000000000011f0        0x0 /usr/lib/gcc/avr/11.2.0/avr5/libgcc.a(_exit.o)
 .text.libgcc.builtins
                0x00000000000011f0        0x0 /usr/lib/gcc/avr/11.2.0/avr5/libgcc.a(_exit.o)
 .text.libgcc.fmul
                0x00000000000011f0        0x0 /usr/lib/gcc/avr/11.2.0/avr5/libgcc.a(_exit.o)
 .text.libgcc.fixed
                0x00000000000011f0        0x0 /usr/lib/gcc/avr/11.2.0/avr5/libgcc.a(_exit.o)
 .text.libgcc.mul
                0x00000000000011f0        0x0 /usr/lib/gcc/avr/11.2.0/avr5/libgcc.a(_copy_data.o)
 .text.libgcc.div
                0x00000000000011f0        0x0 /usr/lib/gcc/avr/11.2.0/avr5/libgcc.a(_copy_data.o)
 .text.libgcc   0x00000000000011f0        0x0 /usr/lib/gcc/avr/11.2.0/avr5/libgcc.a(_copy_data.o)
 .text.libgcc.prologue
                0x00000000000011f0        0x0 /usr/lib/gcc/avr/11.2.0/avr5/libgcc.a(_copy_data.o)
 .text.libgcc.builtins
                0x00000000000011f0        0x0 /usr/lib/gcc/avr/11.2.0/avr5/libgcc.a(_copy_data.o)
 .text.libgcc.fmul
                0x00000000000011f0        0x0 /usr/lib/gcc/avr/11.2.0/avr5/libgcc.a(_copy_data.o)
 .text.libgcc.fixed
                0x00000000000011f0        0x0 /usr/lib/gcc/avr/11.2.0/avr5/libgcc.a(_copy_data.o)
 .text.libgcc.mul
                0x00000000000011f0        0x0 /usr/lib/gcc/avr/11.2.0/avr5/libgcc.a(_clear_bss.o)
 .text.libgcc.div
                0x00000000000011f0        0x0 /usr/lib/gcc/avr/11.2.0/avr5/libgcc.a(_clear_bss.o)
 .text.libgcc   0x00000000000011f0        0x0 /usr/lib/gcc/avr/11.2.0/avr5/libgcc.a(_clear_bss.o)
 .text.libgcc.prologue
                0x00000000000011f0        0x0 /usr/lib/gcc/avr/11.2.0/avr5/libgcc.a(_clear_bss.o)
 .text.libgcc.builtins
                0x00000000000011f0        0x0 /usr/lib/gcc/avr/11.2.0/avr5/libgcc.a(_clear_bss.o)
 .text.libgcc.fmul
                0x00000000000011f0        0x0 /usr/lib/gcc/avr/11.2.0/avr5/libgcc.a(_clear_bss.o)
 .text.libgcc.fixed
                0x00000000000011f0        0x0 /usr/lib/gcc/avr/11.2.0/avr5/libgcc.a(_clear_bss.o)
 .text.avr-libc
                0x00000000000011f0       0x46 /usr/lib/gcc/avr/11.2.0/../../../../avr/lib/avr5/libc.a(sprintf.o)
                0x00000000000011f0                sprintf
 .text.avr-libc
                0x0000000000001236      0x3a6 /usr/lib/gcc/avr/11.2.0/../../../../avr/lib/avr5/libc.a(vfprintf_std.o)
                0x0000000000001236                vfprintf
 .text.avr-libc
                0x00000000000015dc       0x16 /usr/lib/gcc/avr/11.2.0/../../../../avr/lib/avr5/libc.a(strnlen_P.o)
                0x00000000000015dc                strnlen_P
 .text.avr-libc
                0x00000000000015f2       0x16 /usr/lib/gcc/avr/11.2.0/../../../../avr/lib/avr5/libc.a(strnlen.o)
                0x00000000000015f2                strnlen
 .text.avr-libc
                0x0000000000001608       0x60 /usr/lib/gcc/avr/11.2.0/../../../../avr/lib/avr5/libc.a(fputc.o)
                0x0000000000001608                fputc
 .text.avr-libc
                0x0000000000001668       0xbc /usr/lib/gcc/avr/11.2.0/../../../../avr/lib/avr5/libc.a(ultoa_invert.o)
                0x0000000000001668                __ultoa_invert
 .text.libgcc.mul
                0x0000000000001724        0x0 /usr/lib/gcc/avr/11.2.0/avr5/libgcc.a(_prologue.o)
 .text.libgcc.div
                0x0000000000001724        0x0 /usr/lib/gcc/avr/11.2.0/avr5/libgcc.a(_prologue.o)
 .text.libgcc   0x0000000000001724        0x0 /usr/lib/gcc/avr/11.2.0/avr5/libgcc.a(_prologue.o)
 .text.libgcc.prologue
                0x0000000000001724       0x38 /usr/lib/gcc/avr/11.2.0/avr5/libgcc.a(_prologue.o)
                0x0000000000001724                __prologue_saves__
 .text.libgcc.builtins
                0x000000000000175c        0x0 /usr/lib/gcc/avr/11.2.0/avr5/libgcc.a(_prologue.o)
 .text.libgcc.fmul
                0x000000000000175c        0x0 /usr/lib/gcc/avr/11.2.0/avr5/libgcc.a(_prologue.o)
 .text.libgcc.fixed
                0x000000000000175c        0x0 /usr/lib/gcc/avr/11.2.0/avr5/libgcc.a(_prologue.o)
 .text.libgcc.mul
                0x000000000000175c        0x0 /usr/lib/gcc/avr/11.2.0/avr5/libgcc.a(_epilogue.o)
 .text.libgcc.div
                0x000000000000175c        0x0 /usr/lib/gcc/avr/11.2.0/avr5/libgcc.a(_epilogue.o)
 .text.libgcc   0x000000000000175c        0x0 /usr/lib/gcc/avr/11.2.0/avr5/libgcc.a(_epilogue.o)
 .text.libgcc.prologue
                0x000000000000175c       0x36 /usr/lib/gcc/avr/11.2.0/avr5/libgcc.a(_epilogue.o)
                0x000000000000175c                __epilogue_restores__
 .text.libgcc.builtins
                0x0000000000001792        0x0 /usr/lib/gcc/avr/11.2.0/avr5/libgcc.a(_epilogue.o)
 .text.libgcc.fmul
                0x0000000000001792        0x0 /usr/lib/gcc/avr/11.2.0/avr5/libgcc.a(_epilogue.o)
 .text.libgcc.fixed
                0x0000000000001792        0x0 /usr/lib/gcc/avr/11.2.0/avr5/libgcc.a(_epilogue.o)
                0x0000000000001792                . = ALIGN (0x2)
 *(.fini9)
 .fini9         0x0000000000001792        0x0 /usr/lib/gcc/avr/11.2.0/avr5/libgcc.a(_exit.o)
                0x0000000000001792                exit
                0x0000000000001792                _exit
 *(.fini9)
 *(.fini8)
 *(.fini8)
 *(.fini7)
 *(.fini7)
 *(.fini6)
 *(.fini6)
 *(.fini5)
 *(.fini5)
 *(.fini4)
 *(.fini4)
 *(.fini3)
 *(.fini3)
 *(.fini2)
 *(.fini2)
 *(.fini1)
 *(.fini1)
 *(.fini0)
 .fini0         0x0000000000001792        0x4 /usr/lib/gcc/avr/11.2.0/avr5/libgcc.a(_exit.o)
 *(.fini0)
 *(.hightext)
 *(.hightext*)
 *(.progmemx.*)
                0x0000000000001796                . = ALIGN (0x2)
 *(.jumptables)
 *(.jumptables*)
                0x0000000000001796                _etext = .

.data           0x0000000000800100       0xb6 load address 0x0000000000001796
                0x0000000000800100                PROVIDE (__data_start = .)
 *(.data)
 .data          0x0000000000800100        0x0 /usr/lib/gcc/avr/11.2.0/../../../../avr/lib/avr5/crtatmega324pa.o
 .data          0x0000000000800100        0x0 main.o
 .data          0x0000000000800100        0x0 /usr/lib/gcc/avr/11.2.0/../../../../avr/lib/avr5/libm.a(addsf3.o)
 .data          0x0000000000800100        0x0 /usr/lib/gcc/avr/11.2.0/../../../../avr/lib/avr5/libm.a(addsf3x.o)
 .data          0x0000000000800100        0x0 /usr/lib/gcc/avr/11.2.0/../../../../avr/lib/avr5/libm.a(cmpsf2.o)
 .data          0x0000000000800100        0x0 /usr/lib/gcc/avr/11.2.0/../../../../avr/lib/avr5/libm.a(divsf3.o)
 .data          0x0000000000800100        0x0 /usr/lib/gcc/avr/11.2.0/../../../../avr/lib/avr5/libm.a(divsf3x.o)
 .data          0x0000000000800100        0x0 /usr/lib/gcc/avr/11.2.0/../../../../avr/lib/avr5/libm.a(fixsfsi.o)
 .data          0x0000000000800100        0x0 /usr/lib/gcc/avr/11.2.0/../../../../avr/lib/avr5/libm.a(fixunssfsi.o)
 .data          0x0000000000800100        0x0 /usr/lib/gcc/avr/11.2.0/../../../../avr/lib/avr5/libm.a(floatsisf.o)
 .data          0x0000000000800100        0x0 /usr/lib/gcc/avr/11.2.0/../../../../avr/lib/avr5/libm.a(fp_cmp.o)
 .data          0x0000000000800100        0x0 /usr/lib/gcc/avr/11.2.0/../../../../avr/lib/avr5/libm.a(fp_inf.o)
 .data          0x0000000000800100        0x0 /usr/lib/gcc/avr/11.2.0/../../../../avr/lib/avr5/libm.a(fp_nan.o)
 .data          0x0000000000800100        0x0 /usr/lib/gcc/avr/11.2.0/../../../../avr/lib/avr5/libm.a(fp_pscA.o)
 .data          0x0000000000800100        0x0 /usr/lib/gcc/avr/11.2.0/../../../../avr/lib/avr5/libm.a(fp_pscB.o)
 .data          0x0000000000800100        0x0 /usr/lib/gcc/avr/11.2.0/../../../../avr/lib/avr5/libm.a(fp_round.o)
 .data          0x0000000000800100        0x0 /usr/lib/gcc/avr/11.2.0/../../../../avr/lib/avr5/libm.a(fp_split3.o)
 .data          0x0000000000800100        0x0 /usr/lib/gcc/avr/11.2.0/../../../../avr/lib/avr5/libm.a(fp_zero.o)
 .data          0x0000000000800100        0x0 /usr/lib/gcc/avr/11.2.0/../../../../avr/lib/avr5/libm.a(mulsf3.o)
 .data          0x0000000000800100        0x0 /usr/lib/gcc/avr/11.2.0/../../../../avr/lib/avr5/libm.a(mulsf3x.o)
 .data          0x0000000000800100        0x0 /usr/lib/gcc/avr/11.2.0/../../../../avr/lib/avr5/libm.a(pow.o)
 .data          0x0000000000800100        0x0 /usr/lib/gcc/avr/11.2.0/../../../../avr/lib/avr5/libm.a(round.o)
 .data          0x0000000000800100        0x0 /usr/lib/gcc/avr/11.2.0/../../../../avr/lib/avr5/libm.a(exp.o)
 .data          0x0000000000800100        0x0 /usr/lib/gcc/avr/11.2.0/../../../../avr/lib/avr5/libm.a(fp_mintl.o)
 .data          0x0000000000800100        0x0 /usr/lib/gcc/avr/11.2.0/../../../../avr/lib/avr5/libm.a(fp_mpack.o)
 .data          0x0000000000800100        0x0 /usr/lib/gcc/avr/11.2.0/../../../../avr/lib/avr5/libm.a(fp_powser.o)
 .data          0x0000000000800100        0x0 /usr/lib/gcc/avr/11.2.0/../../../../avr/lib/avr5/libm.a(inverse.o)
 .data          0x0000000000800100        0x0 /usr/lib/gcc/avr/11.2.0/../../../../avr/lib/avr5/libm.a(ldexp.o)
 .data          0x0000000000800100        0x0 /usr/lib/gcc/avr/11.2.0/../../../../avr/lib/avr5/libm.a(log.o)
 .data          0x0000000000800100        0x0 /usr/lib/gcc/avr/11.2.0/../../../../avr/lib/avr5/libm.a(modf.o)
 .data          0x0000000000800100        0x0 ../build/librairie.a(librairie.o)
 .data          0x0000000000800100        0x0 ../build/librairie.a(debug.o)
 .data          0x0000000000800100        0x0 /usr/lib/gcc/avr/11.2.0/avr5/libgcc.a(_exit.o)
 .data          0x0000000000800100        0x0 /usr/lib/gcc/avr/11.2.0/avr5/libgcc.a(_copy_data.o)
 .data          0x0000000000800100        0x0 /usr/lib/gcc/avr/11.2.0/avr5/libgcc.a(_clear_bss.o)
 .data          0x0000000000800100        0x0 /usr/lib/gcc/avr/11.2.0/../../../../avr/lib/avr5/libc.a(sprintf.o)
 .data          0x0000000000800100        0x0 /usr/lib/gcc/avr/11.2.0/../../../../avr/lib/avr5/libc.a(vfprintf_std.o)
 .data          0x0000000000800100        0x0 /usr/lib/gcc/avr/11.2.0/../../../../avr/lib/avr5/libc.a(strnlen_P.o)
 .data          0x0000000000800100        0x0 /usr/lib/gcc/avr/11.2.0/../../../../avr/lib/avr5/libc.a(strnlen.o)
 .data          0x0000000000800100        0x0 /usr/lib/gcc/avr/11.2.0/../../../../avr/lib/avr5/libc.a(fputc.o)
 .data          0x0000000000800100        0x0 /usr/lib/gcc/avr/11.2.0/../../../../avr/lib/avr5/libc.a(ultoa_invert.o)
 .data          0x0000000000800100        0x0 /usr/lib/gcc/avr/11.2.0/avr5/libgcc.a(_prologue.o)
 .data          0x0000000000800100        0x0 /usr/lib/gcc/avr/11.2.0/avr5/libgcc.a(_epilogue.o)
 *(.data*)
 *(.gnu.linkonce.d*)
 *(.rodata)
 .rodata        0x0000000000800100       0xac main.o
 *(.rodata*)
 .rodata.str1.1
                0x00000000008001ac        0x6 main.o
 .rodata.str1.1
                0x00000000008001b2        0x3 ../build/librairie.a(debug.o)
 *(.gnu.linkonce.r*)
                0x00000000008001b6                . = ALIGN (0x2)
 *fill*         0x00000000008001b5        0x1 
                0x00000000008001b6                _edata = .
                0x00000000008001b6                PROVIDE (__data_end = .)

.bss            0x00000000008001b6        0x2
                0x00000000008001b6                PROVIDE (__bss_start = .)
 *(.bss)
 .bss           0x00000000008001b6        0x0 /usr/lib/gcc/avr/11.2.0/../../../../avr/lib/avr5/crtatmega324pa.o
 .bss           0x00000000008001b6        0x0 main.o
 .bss           0x00000000008001b6        0x0 /usr/lib/gcc/avr/11.2.0/../../../../avr/lib/avr5/libm.a(addsf3.o)
 .bss           0x00000000008001b6        0x0 /usr/lib/gcc/avr/11.2.0/../../../../avr/lib/avr5/libm.a(addsf3x.o)
 .bss           0x00000000008001b6        0x0 /usr/lib/gcc/avr/11.2.0/../../../../avr/lib/avr5/libm.a(cmpsf2.o)
 .bss           0x00000000008001b6        0x0 /usr/lib/gcc/avr/11.2.0/../../../../avr/lib/avr5/libm.a(divsf3.o)
 .bss           0x00000000008001b6        0x0 /usr/lib/gcc/avr/11.2.0/../../../../avr/lib/avr5/libm.a(divsf3x.o)
 .bss           0x00000000008001b6        0x0 /usr/lib/gcc/avr/11.2.0/../../../../avr/lib/avr5/libm.a(fixsfsi.o)
 .bss           0x00000000008001b6        0x0 /usr/lib/gcc/avr/11.2.0/../../../../avr/lib/avr5/libm.a(fixunssfsi.o)
 .bss           0x00000000008001b6        0x0 /usr/lib/gcc/avr/11.2.0/../../../../avr/lib/avr5/libm.a(floatsisf.o)
 .bss           0x00000000008001b6        0x0 /usr/lib/gcc/avr/11.2.0/../../../../avr/lib/avr5/libm.a(fp_cmp.o)
 .bss           0x00000000008001b6        0x0 /usr/lib/gcc/avr/11.2.0/../../../../avr/lib/avr5/libm.a(fp_inf.o)
 .bss           0x00000000008001b6        0x0 /usr/lib/gcc/avr/11.2.0/../../../../avr/lib/avr5/libm.a(fp_nan.o)
 .bss           0x00000000008001b6        0x0 /usr/lib/gcc/avr/11.2.0/../../../../avr/lib/avr5/libm.a(fp_pscA.o)
 .bss           0x00000000008001b6        0x0 /usr/lib/gcc/avr/11.2.0/../../../../avr/lib/avr5/libm.a(fp_pscB.o)
 .bss           0x00000000008001b6        0x0 /usr/lib/gcc/avr/11.2.0/../../../../avr/lib/avr5/libm.a(fp_round.o)
 .bss           0x00000000008001b6        0x0 /usr/lib/gcc/avr/11.2.0/../../../../avr/lib/avr5/libm.a(fp_split3.o)
 .bss           0x00000000008001b6        0x0 /usr/lib/gcc/avr/11.2.0/../../../../avr/lib/avr5/libm.a(fp_zero.o)
 .bss           0x00000000008001b6        0x0 /usr/lib/gcc/avr/11.2.0/../../../../avr/lib/avr5/libm.a(mulsf3.o)
 .bss           0x00000000008001b6        0x0 /usr/lib/gcc/avr/11.2.0/../../../../avr/lib/avr5/libm.a(mulsf3x.o)
 .bss           0x00000000008001b6        0x0 /usr/lib/gcc/avr/11.2.0/../../../../avr/lib/avr5/libm.a(pow.o)
 .bss           0x00000000008001b6        0x0 /usr/lib/gcc/avr/11.2.0/../../../../avr/lib/avr5/libm.a(round.o)
 .bss           0x00000000008001b6        0x0 /usr/lib/gcc/avr/11.2.0/../../../../avr/lib/avr5/libm.a(exp.o)
 .bss           0x00000000008001b6        0x0 /usr/lib/gcc/avr/11.2.0/../../../../avr/lib/avr5/libm.a(fp_mintl.o)
 .bss           0x00000000008001b6        0x0 /usr/lib/gcc/avr/11.2.0/../../../../avr/lib/avr5/libm.a(fp_mpack.o)
 .bss           0x00000000008001b6        0x0 /usr/lib/gcc/avr/11.2.0/../../../../avr/lib/avr5/libm.a(fp_powser.o)
 .bss           0x00000000008001b6        0x0 /usr/lib/gcc/avr/11.2.0/../../../../avr/lib/avr5/libm.a(inverse.o)
 .bss           0x00000000008001b6        0x0 /usr/lib/gcc/avr/11.2.0/../../../../avr/lib/avr5/libm.a(ldexp.o)
 .bss           0x00000000008001b6        0x0 /usr/lib/gcc/avr/11.2.0/../../../../avr/lib/avr5/libm.a(log.o)
 .bss           0x00000000008001b6        0x0 /usr/lib/gcc/avr/11.2.0/../../../../avr/lib/avr5/libm.a(modf.o)
 .bss           0x00000000008001b6        0x0 ../build/librairie.a(librairie.o)
 .bss           0x00000000008001b6        0x2 ../build/librairie.a(debug.o)
                0x00000000008001b6                est_init
                0x00000000008001b7                RS
 .bss           0x00000000008001b8        0x0 /usr/lib/gcc/avr/11.2.0/avr5/libgcc.a(_exit.o)
 .bss           0x00000000008001b8        0x0 /usr/lib/gcc/avr/11.2.0/avr5/libgcc.a(_copy_data.o)
 .bss           0x00000000008001b8        0x0 /usr/lib/gcc/avr/11.2.0/avr5/libgcc.a(_clear_bss.o)
 .bss           0x00000000008001b8        0x0 /usr/lib/gcc/avr/11.2.0/../../../../avr/lib/avr5/libc.a(sprintf.o)
 .bss           0x00000000008001b8        0x0 /usr/lib/gcc/avr/11.2.0/../../../../avr/lib/avr5/libc.a(vfprintf_std.o)
 .bss           0x00000000008001b8        0x0 /usr/lib/gcc/avr/11.2.0/../../../../avr/lib/avr5/libc.a(strnlen_P.o)
 .bss           0x00000000008001b8        0x0 /usr/lib/gcc/avr/11.2.0/../../../../avr/lib/avr5/libc.a(strnlen.o)
 .bss           0x00000000008001b8        0x0 /usr/lib/gcc/avr/11.2.0/../../../../avr/lib/avr5/libc.a(fputc.o)
 .bss           0x00000000008001b8        0x0 /usr/lib/gcc/avr/11.2.0/../../../../avr/lib/avr5/libc.a(ultoa_invert.o)
 .bss           0x00000000008001b8        0x0 /usr/lib/gcc/avr/11.2.0/avr5/libgcc.a(_prologue.o)
 .bss           0x00000000008001b8        0x0 /usr/lib/gcc/avr/11.2.0/avr5/libgcc.a(_epilogue.o)
 *(.bss*)
 *(COMMON)
                0x00000000008001b8                PROVIDE (__bss_end = .)
                0x0000000000001796                __data_load_start = LOADADDR (.data)
                0x000000000000184c                __data_load_end = (__data_load_start + SIZEOF (.data))

.noinit         0x00000000008001b8        0x0
                [!provide]                        PROVIDE (__noinit_start = .)
 *(.noinit .noinit.* .gnu.linkonce.n.*)
                [!provide]                        PROVIDE (__noinit_end = .)
                0x00000000008001b8                _end = .
                [!provide]                        PROVIDE (__heap_start = .)

.eeprom         0x0000000000810000        0x0
 *(.eeprom*)
                0x0000000000810000                __eeprom_end = .

.fuse
 *(.fuse)
 *(.lfuse)
 *(.hfuse)
 *(.efuse)

.lock
 *(.lock*)

.signature
 *(.signature*)

.stab           0x0000000000000000     0x13b0
 *(.stab)
 .stab          0x0000000000000000      0x6fc main.o
 .stab          0x00000000000006fc      0xa68 ../build/librairie.a(librairie.o)
                                        0xa74 (size before relaxing)
 .stab          0x0000000000001164      0x24c ../build/librairie.a(debug.o)
                                        0x258 (size before relaxing)

.stabstr        0x0000000000000000     0x227b
 *(.stabstr)
 .stabstr       0x0000000000000000     0x227b main.o

.stab.excl
 *(.stab.excl)

.stab.exclstr
 *(.stab.exclstr)

.stab.index
 *(.stab.index)

.stab.indexstr
 *(.stab.indexstr)

.comment        0x0000000000000000       0x23
 *(.comment)
 .comment       0x0000000000000000       0x23 main.o
                                         0x24 (size before relaxing)
 .comment       0x0000000000000023       0x24 ../build/librairie.a(librairie.o)
 .comment       0x0000000000000023       0x24 ../build/librairie.a(debug.o)
 .comment       0x0000000000000023       0x24 /usr/lib/gcc/avr/11.2.0/../../../../avr/lib/avr5/libc.a(sprintf.o)
 .comment       0x0000000000000023       0x24 /usr/lib/gcc/avr/11.2.0/../../../../avr/lib/avr5/libc.a(vfprintf_std.o)
 .comment       0x0000000000000023       0x24 /usr/lib/gcc/avr/11.2.0/../../../../avr/lib/avr5/libc.a(fputc.o)

.note.gnu.avr.deviceinfo
                0x0000000000000000       0x40
 .note.gnu.avr.deviceinfo
                0x0000000000000000       0x40 /usr/lib/gcc/avr/11.2.0/../../../../avr/lib/avr5/crtatmega324pa.o

.note.gnu.build-id
 *(.note.gnu.build-id)

.debug
 *(.debug)

.line
 *(.line)

.debug_srcinfo
 *(.debug_srcinfo)

.debug_sfnames
 *(.debug_sfnames)

.debug_aranges
 *(.debug_aranges)

.debug_pubnames
 *(.debug_pubnames)

.debug_info     0x0000000000000000      0x6cc
 *(.debug_info .gnu.linkonce.wi.*)
 .debug_info    0x0000000000000000      0x6cc /usr/lib/gcc/avr/11.2.0/../../../../avr/lib/avr5/crtatmega324pa.o

.debug_abbrev   0x0000000000000000      0x66e
 *(.debug_abbrev)
 .debug_abbrev  0x0000000000000000      0x66e /usr/lib/gcc/avr/11.2.0/../../../../avr/lib/avr5/crtatmega324pa.o

.debug_line     0x0000000000000000       0x1d
 *(.debug_line .debug_line.* .debug_line_end)
 .debug_line    0x0000000000000000       0x1d /usr/lib/gcc/avr/11.2.0/../../../../avr/lib/avr5/crtatmega324pa.o

.debug_frame
 *(.debug_frame)

.debug_str      0x0000000000000000      0x255
 *(.debug_str)
 .debug_str     0x0000000000000000      0x255 /usr/lib/gcc/avr/11.2.0/../../../../avr/lib/avr5/crtatmega324pa.o

.debug_loc
 *(.debug_loc)

.debug_macinfo
 *(.debug_macinfo)

.debug_weaknames
 *(.debug_weaknames)

.debug_funcnames
 *(.debug_funcnames)

.debug_typenames
 *(.debug_typenames)

.debug_varnames
 *(.debug_varnames)

.debug_pubtypes
 *(.debug_pubtypes)

.debug_ranges
 *(.debug_ranges)

.debug_addr
 *(.debug_addr)

.debug_line_str
 *(.debug_line_str)

.debug_loclists
 *(.debug_loclists)

.debug_macro
 *(.debug_macro)

.debug_names
 *(.debug_names)

.debug_rnglists
 *(.debug_rnglists)

.debug_str_offsets
 *(.debug_str_offsets)

.debug_sup
 *(.debug_sup)
OUTPUT(tp9_exec.elf elf32-avr)
LOAD linker stubs
